peut_se_deplacer : 1,9
peut_se_deplacer : 1,9
peut_se_deplacer : 1,9
peut_se_deplacer : 1,9
peut_se_deplacer : 1,7
peut_se_deplacer : 1,6
peut_se_deplacer : 1,7
peut_se_deplacer : 2,7
peut_se_deplacer : 3,7
peut_se_deplacer : 4,7
peut_se_deplacer : 5,7
peut_se_deplacer : 5,8
peut_se_deplacer : 5,9
peut_se_deplacer : 4,9
peut_se_deplacer : 3,9
peut_se_deplacer : 2,9
peut_se_deplacer : 2,10
peut_se_deplacer : 2,11
peut_se_deplacer : 3,11
peut_se_deplacer : 4,11
peut_se_deplacer : 5,11
peut_se_deplacer : 6,11
peut_se_deplacer : 7,11
peut_se_deplacer : 8,11
peut_se_deplacer : 9,11
peut_se_deplacer : 10,11
peut_se_deplacer : 11,11
peut_se_deplacer : 12,11
peut_se_deplacer : 13,11
peut_se_deplacer : 14,11
peut_se_deplacer : 15,11
peut_se_deplacer : 16,11
peut_se_deplacer : 17,11
peut_se_deplacer : 18,11
peut_se_deplacer : 19,11
peut_se_deplacer : 20,11
peut_se_deplacer : 21,11
peut_se_deplacer : 21,10
peut_se_deplacer : 21,9
peut_se_deplacer : 21,8
peut_se_deplacer : 21,7
peut_se_deplacer : 1,7
peut_se_deplacer : 1,8
peut_se_deplacer : 2,7
peut_se_deplacer : 3,7
peut_se_deplacer : 4,7
peut_se_deplacer : 5,7
peut_se_deplacer : 5,8
peut_se_deplacer : 5,9
peut_se_deplacer : 4,9
peut_se_deplacer : 3,9
peut_se_deplacer : 2,9
peut_se_deplacer : 2,10
peut_se_deplacer : 2,11
peut_se_deplacer : 2,7
peut_se_deplacer : 3,7
peut_se_deplacer : 4,7
peut_se_deplacer : 5,7
